// Jest Snapshot v1, https://goo.gl/fbAQLP

exports[`'should create default instance' 1`] = `
Object {
  "addChild": [Function],
  "beforeDestroy": [Function],
  "beforeMount": [Function],
  "beforeRender": [Function],
  "beforeUnmount": [Function],
  "beforeUpdate": [Function],
  "componentDidMount": [Function],
  "componentDidUpdate": [Function],
  "componentWillMount": [Function],
  "componentWillReceiveProps": [Function],
  "componentWillUnmount": [Function],
  "componentWillUpdate": [Function],
  "created": [Function],
  "ctx": Object {
    "data": Array [],
    "formatter": undefined,
    "logger": undefined,
    "renderer": "svg",
    "style": undefined,
  },
  "destroyed": [Function],
  "getChildren": [Function],
  "getPreferredSize": [Function],
  "layoutComponents": [Function],
  "mounted": [Function],
  "render": [Function],
  "shouldComponentUpdate": [Function],
  "update": [Function],
  "updated": [Function],
  "visible": true,
}
`;
